Building on: linux-g++ (arm64, CPU features: neon)
Building for: devices/linux-jetson-tx1-g++ (arm64, CPU features: neon)
Target compiler: gcc 7.4.0
Configuration: cross_compile compile_examples enable_new_dtags largefile neon precompile_header shared shared rpath release c++11 c++14 concurrent dbus no-pkg-config reduce_exports stl
Build options:
  Mode ................................... release
  Optimize release build for size ........ no
  Building shared libraries .............. yes
  Using C standard ....................... C11
  Using C++ standard ..................... C++14
  Using ccache ........................... no
  Using new DTAGS ........................ yes
  Relocatable ............................ yes
  Using precompiled headers .............. yes
  Using LTCG ............................. no
  Target compiler supports:
    NEON ................................. yes
  Build parts ............................ libs examples
Qt modules and options:
  Qt Concurrent .......................... yes
  Qt D-Bus ............................... yes
  Qt D-Bus directly linked to libdbus .... no
  Qt Gui ................................. yes
  Qt Network ............................. yes
  Qt Sql ................................. yes
  Qt Testlib ............................. yes
  Qt Widgets ............................. yes
  Qt Xml ................................. yes
Support enabled for:
  Using pkg-config ....................... no
  udev ................................... yes
  Using system zlib ...................... yes
  Zstandard support ...................... no
Qt Core:
  DoubleConversion ....................... yes
    Using system DoubleConversion ........ no
  GLib ................................... no
  iconv .................................. no
  ICU .................................... yes
  Built-in copy of the MIME database ..... yes
  Tracing backend ........................ <none>
  Logging backends:
    journald ............................. no
    syslog ............................... no
    slog2 ................................ no
  PCRE2 .................................. yes
    Using system PCRE2 ................... no
Qt Network:
  getifaddrs() ........................... yes
  IPv6 ifname ............................ yes
  libproxy ............................... no
  Linux AF_NETLINK ....................... yes
  OpenSSL ................................ no
    Qt directly linked to OpenSSL ........ no
  OpenSSL 1.1 ............................ no
  DTLS ................................... no
  OCSP-stapling .......................... no
  SCTP ................................... no
  Use system proxies ..................... yes
  GSSAPI ................................. no
Qt Gui:
  Accessibility .......................... yes
  FreeType ............................... yes
    Using system FreeType ................ yes
  HarfBuzz ............................... yes
    Using system HarfBuzz ................ yes
  Fontconfig ............................. yes
  Image formats:
    GIF .................................. yes
    ICO .................................. yes
    JPEG ................................. yes
      Using system libjpeg ............... yes
    PNG .................................. yes
      Using system libpng ................ yes
  Text formats:
    HtmlParser ........................... yes
    CssParser ............................ yes
    OdfWriter ............................ yes
    MarkdownReader ....................... yes
      Using system libmd4c ............... no
    MarkdownWriter ....................... yes
  EGL .................................... yes
  OpenVG ................................. no
  OpenGL:
    Desktop OpenGL ....................... no
    OpenGL ES 2.0 ........................ yes
    OpenGL ES 3.0 ........................ yes
    OpenGL ES 3.1 ........................ yes
    OpenGL ES 3.2 ........................ yes
  Vulkan ................................. no
  Session Management ..................... yes
Features used by QPA backends:
  evdev .................................. yes
  libinput ............................... no
  INTEGRITY HID .......................... no
  mtdev .................................. no
  tslib .................................. no
  xkbcommon .............................. yes
  X11 specific:
    XLib ................................. yes
    XCB Xlib ............................. yes
    EGL on X11 ........................... yes
QPA backends:
  DirectFB ............................... no
  EGLFS .................................. yes
  EGLFS details:
    EGLFS OpenWFD ........................ no
    EGLFS i.Mx6 .......................... no
    EGLFS i.Mx6 Wayland .................. no
    EGLFS RCAR ........................... no
    EGLFS EGLDevice ...................... yes
    EGLFS GBM ............................ no
    EGLFS VSP2 ........................... no
    EGLFS Mali ........................... no
    EGLFS Raspberry Pi ................... no
    EGLFS X11 ............................ yes
  LinuxFB ................................ yes
  VNC .................................... yes
  XCB:
    Using system-provided XCB libraries .. yes
    XCB XKB .............................. no
    XCB XInput ........................... yes
    Native painting (experimental) ....... no
    GL integrations:
      GLX Plugin ......................... no
      EGL-X11 Plugin ..................... yes
Qt Sql:
  SQL item models ........................ yes
Qt Widgets:
  GTK+ ................................... no
  Styles ................................. Fusion Windows
Qt PrintSupport:
  CUPS ................................... no
Qt Sql Drivers:
  DB2 (IBM) .............................. no
  InterBase .............................. no
  MySql .................................. no
  OCI (Oracle) ........................... no
  ODBC ................................... no
  PostgreSQL ............................. no
  SQLite2 ................................ no
  SQLite ................................. yes
    Using system provided SQLite ......... no
  TDS (Sybase) ........................... no
Qt Testlib:
  Tester for item models ................. yes
Serial Port:
  ntddmodm ............................... no
Qt SerialBus:
  Socket CAN ............................. yes
  Socket CAN FD .......................... yes
  SerialPort Support ..................... yes
Further Image Formats:
  JasPer ................................. no
  MNG .................................... no
  TIFF ................................... yes
    Using system libtiff ................. no
  WEBP ................................... yes
    Using system libwebp ................. no
Qt QML:
  QML network support .................... yes
  QML debugging and profiling support .... yes
  QML just-in-time compiler .............. yes
  QML sequence object .................... yes
  QML XML http request ................... yes
  QML Locale ............................. yes
Qt QML Models:
  QML list model ......................... yes
  QML delegate model ..................... yes
Qt Quick:
  Direct3D 12 ............................ no
  AnimatedImage item ..................... yes
  Canvas item ............................ yes
  Support for Qt Quick Designer .......... yes
  Flipable item .......................... yes
  GridView item .......................... yes
  ListView item .......................... yes
  TableView item ......................... yes
  Path support ........................... yes
  PathView item .......................... yes
  Positioner items ....................... yes
  Repeater item .......................... yes
  ShaderEffect item ...................... yes
  Sprite item ............................ yes
QtQuick3D:
  Assimp ................................. yes
  System Assimp .......................... no
Qt Scxml:
  ECMAScript data model for QtScxml ...... yes
Qt Gamepad:
  SDL2 ................................... no
Qt 3D:
  Assimp ................................. yes
  System Assimp .......................... no
  Output Qt3D Job traces ................. no
  Output Qt3D GL traces .................. no
  Use SSE2 instructions .................. no
  Use AVX2 instructions .................. no
  Aspects:
    Render aspect ........................ yes
    Input aspect ......................... yes
    Logic aspect ......................... yes
    Animation aspect ..................... yes
    Extras aspect ........................ yes
Qt 3D Renderers:
  OpenGL Renderer ........................ yes
Qt 3D GeometryLoaders:
  Autodesk FBX ........................... no
Qt Wayland Drivers:
  EGL .................................... yes
  Raspberry Pi ........................... no
  XComposite EGL ......................... no
  XComposite GLX ......................... no
  DRM EGL ................................ yes
  libhybris EGL .......................... no
  Linux dma-buf server buffer integration . yes
  Vulkan-based server buffer integration . no
  Shm emulation server buffer integration . yes
Qt Wayland Client Shell Integrations:
  xdg-shell .............................. yes
  xdg-shell unstable v5 (deprecated) ..... yes
  xdg-shell unstable v6 .................. yes
  ivi-shell .............................. yes
  wl-shell (deprecated) .................. yes
Qt Wayland Client ........................ yes
Qt Wayland Compositor .................... yes
Qt Wayland Compositor Layer Plugins:
  VSP2 hardware layer integration ........ no
Qt Bluetooth:
  BlueZ .................................. no
  BlueZ Low Energy ....................... no
  Linux Crypto API ....................... no
  Native Win32 Bluetooth ................. no
  WinRT Bluetooth API (desktop & UWP) .... no
  WinRT advanced bluetooth low energy API (desktop & UWP) . no
Qt Sensors:
  sensorfw ............................... no
Qt Quick Controls 2:
  Styles ................................. Default Fusion Imagine Material Universal
Qt Quick Templates 2:
  Hover support .......................... yes
  Multi-touch support .................... yes
Qt Positioning:
  Gypsy GPS Daemon ....................... no
  WinRT Geolocation API .................. no
Qt Location:
  Qt.labs.location experimental QML plugin . yes
  Geoservice plugins:
    OpenStreetMap ........................ yes
    HERE ................................. yes
    Esri ................................. yes
    Mapbox ............................... yes
    MapboxGL ............................. yes
    Itemsoverlay ......................... yes
QtXmlPatterns:
  XML schema support ..................... yes
Qt Multimedia:
  ALSA ................................... yes
  GStreamer 1.0 .......................... no
  GStreamer 0.10 ......................... no
  Video for Linux ........................ yes
  OpenAL ................................. no
  PulseAudio ............................. no
  Resource Policy (libresourceqt5) ....... no
  Windows Audio Services ................. no
  DirectShow ............................. no
  Windows Media Foundation ............... no
Qt TextToSpeech:
  Flite .................................. no
  Flite with ALSA ........................ no
  Speech Dispatcher ...................... yes
Qt Tools:
  QDoc ................................... no

Note: Also available for Linux: linux-clang linux-icc

Note: Disabling X11 Accessibility Bridge: D-Bus or AT-SPI is missing.

WARNING: Cross compiling without sysroot. Disabling pkg-config

WARNING: QDoc will not be compiled, probably because libclang could not be located. This means that you cannot build the Qt documentation.

Either ensure that llvm-config is in your PATH environment variable, or set LLVM_INSTALL_DIR to the location of your llvm installation.
On Linux systems, you may be able to install libclang by installing the libclang-dev or libclang-devel package, depending on your distribution.
On macOS, you can use Homebrew's llvm package.
On Windows, you must set LLVM_INSTALL_DIR to the installation path.
